// Jest Snapshot v1, https://goo.gl/fbAQLP

exports[`PageCartoPanels renders the tabs and their content 1`] = `
<div>
  <div
    class="h-full w-full p-2"
  >
    <div
      aria-orientation="horizontal"
      class="flex bg-blue-600 rounded-t-lg p-1 pb-0"
      role="tablist"
    >
      <button
        aria-controls="headlessui-tabs-panel-:r3:"
        aria-selected="false"
        class="rounded-t-lg p-2 text-sm font-medium leading-5 text-blue-700 ring-blue ring-opacity-60 ring-offset-1 ring-offset-blue-400 focus:outline-none focus:ring-1 text-blue-100 hover:bg-white/[0.12] hover:text-white"
        data-headlessui-state=""
        id="headlessui-tabs-tab-:r0:"
        role="tab"
        tabindex="-1"
        type="button"
      >
        Hypertexte
      </button>
      <button
        aria-controls="headlessui-tabs-panel-:r4:"
        aria-selected="true"
        class="rounded-t-lg p-2 text-sm font-medium leading-5 text-blue-700 ring-blue ring-opacity-60 ring-offset-1 ring-offset-blue-400 focus:outline-none focus:ring-1 bg-white shadow"
        data-headlessui-state="selected"
        id="headlessui-tabs-tab-:r1:"
        role="tab"
        tabindex="0"
        type="button"
      >
        Données
      </button>
      <button
        aria-controls="headlessui-tabs-panel-:r5:"
        aria-selected="false"
        class="rounded-t-lg p-2 text-sm font-medium leading-5 text-blue-700 ring-blue ring-opacity-60 ring-offset-1 ring-offset-blue-400 focus:outline-none focus:ring-1 text-blue-100 hover:bg-white/[0.12] hover:text-white"
        data-headlessui-state=""
        id="headlessui-tabs-tab-:r2:"
        role="tab"
        tabindex="-1"
        type="button"
      >
        Indicateurs
      </button>
    </div>
    <div
      class="h-full rounded-b-lg border border-blue-700"
    >
      <span
        aria-labelledby="headlessui-tabs-tab-:r0:"
        id="headlessui-tabs-panel-:r3:"
        role="tabpanel"
        style="position: fixed; top: 1px; left: 1px; width: 1px; height: 0px; padding: 0px; margin: -1px; overflow: hidden; clip: rect(0px, 0px, 0px, 0px); white-space: nowrap; border-width: 0px;"
        tabindex="-1"
      />
      <div
        aria-labelledby="headlessui-tabs-tab-:r1:"
        class="px-2 pb-5 overflow-y-scroll"
        data-headlessui-state="selected"
        id="headlessui-tabs-panel-:r4:"
        role="tabpanel"
        style="max-height: calc(100vh - 64px * 2);"
        tabindex="0"
      >
        <div>
          <div
            class="mt-5 text-right"
          >
            <button
              class="group inline-flex h-min w-fit items-center justify-center p-0.5 text-center font-medium focus:z-10 rounded-lg text-white bg-blue-700 border border-transparent hover:bg-blue-800 focus:ring-4 focus:ring-blue-300 disabled:hover:bg-blue-700 dark:bg-blue-600 dark:hover:bg-blue-700 dark:focus:ring-blue-800 dark:disabled:hover:bg-blue-600"
              data-testid="button-element"
              type="button"
            >
              <span
                class="flex items-center text-sm px-4 py-2 rounded-md !px-2"
              >
                <svg
                  aria-hidden="true"
                  class="w-5 h-5"
                  fill="currentColor"
                  viewBox="0 0 24 24"
                  xmlns="http://www.w3.org/2000/svg"
                >
                  <path
                    clip-rule="evenodd"
                    d="M12 3.75a.75.75 0 01.75.75v6.75h6.75a.75.75 0 010 1.5h-6.75v6.75a.75.75 0 01-1.5 0v-6.75H4.5a.75.75 0 010-1.5h6.75V4.5a.75.75 0 01.75-.75z"
                    fill-rule="evenodd"
                  />
                </svg>
                Importer un jeu de données
              </span>
            </button>
          </div>
          <div
            class="my-2"
          >
            <div
              aria-colcount="4"
              aria-rowcount="4"
              class="rdg r104f42s7-0-0-beta-22 border"
              dir="ltr"
              role="grid"
              style="grid-template-rows: 35px repeat(3, 35px); --rdg-header-row-height: 35px; --rdg-summary-row-height: 35px; --rdg-sign: 1; grid-template-columns: auto auto auto auto;"
            >
              <div
                aria-rowindex="1"
                class="rdg-header-row h197vzie7-0-0-beta-22"
                role="row"
                style="--rdg-grid-row-start: 1;"
              >
                <div
                  aria-colindex="1"
                  aria-selected="false"
                  class="rdg-cell c1wupbe7-0-0-beta-22"
                  role="columnheader"
                  style="grid-column-start: 1;"
                  tabindex="0"
                >
                  Colonne
                </div>
                <div
                  aria-colindex="2"
                  aria-selected="false"
                  class="rdg-cell c1wupbe7-0-0-beta-22"
                  role="columnheader"
                  style="grid-column-start: 2;"
                  tabindex="-1"
                >
                  Source
                </div>
                <div
                  aria-colindex="3"
                  aria-selected="false"
                  class="rdg-cell c1wupbe7-0-0-beta-22"
                  role="columnheader"
                  style="grid-column-start: 3;"
                  tabindex="-1"
                >
                  Validité
                </div>
                <div
                  aria-colindex="4"
                  aria-selected="false"
                  class="rdg-cell c1wupbe7-0-0-beta-22"
                  role="columnheader"
                  style="grid-column-start: 4;"
                  tabindex="-1"
                >
                  Jeu de données
                </div>
              </div>
              <div
                aria-rowindex="2"
                class="rdg-row r1otpg647-0-0-beta-22 rdg-row-even"
                role="row"
                style="--rdg-grid-row-start: 2; --rdg-row-height: 35px;"
              >
                <div
                  aria-colindex="1"
                  aria-readonly="true"
                  aria-selected="false"
                  class="rdg-cell c1wupbe7-0-0-beta-22"
                  role="gridcell"
                  style="grid-column-start: 1;"
                  tabindex="-1"
                >
                  secondColumn
                </div>
                <div
                  aria-colindex="2"
                  aria-readonly="true"
                  aria-selected="false"
                  class="rdg-cell c1wupbe7-0-0-beta-22"
                  role="gridcell"
                  style="grid-column-start: 2;"
                  tabindex="-1"
                >
                  source2
                </div>
                <div
                  aria-colindex="3"
                  aria-readonly="true"
                  aria-selected="false"
                  class="rdg-cell c1wupbe7-0-0-beta-22"
                  role="gridcell"
                  style="grid-column-start: 3;"
                  tabindex="-1"
                >
                  2022
                </div>
                <div
                  aria-colindex="4"
                  aria-readonly="true"
                  aria-selected="false"
                  class="rdg-cell c1wupbe7-0-0-beta-22"
                  role="gridcell"
                  style="grid-column-start: 4;"
                  tabindex="-1"
                >
                  firstDataset
                </div>
              </div>
              <div
                aria-rowindex="3"
                class="rdg-row r1otpg647-0-0-beta-22 rdg-row-odd"
                role="row"
                style="--rdg-grid-row-start: 3; --rdg-row-height: 35px;"
              >
                <div
                  aria-colindex="1"
                  aria-readonly="true"
                  aria-selected="false"
                  class="rdg-cell c1wupbe7-0-0-beta-22"
                  role="gridcell"
                  style="grid-column-start: 1;"
                  tabindex="-1"
                >
                  thirdColumn
                </div>
                <div
                  aria-colindex="2"
                  aria-readonly="true"
                  aria-selected="false"
                  class="rdg-cell c1wupbe7-0-0-beta-22"
                  role="gridcell"
                  style="grid-column-start: 2;"
                  tabindex="-1"
                >
                  source3
                </div>
                <div
                  aria-colindex="3"
                  aria-readonly="true"
                  aria-selected="false"
                  class="rdg-cell c1wupbe7-0-0-beta-22"
                  role="gridcell"
                  style="grid-column-start: 3;"
                  tabindex="-1"
                >
                  2023
                </div>
                <div
                  aria-colindex="4"
                  aria-readonly="true"
                  aria-selected="false"
                  class="rdg-cell c1wupbe7-0-0-beta-22"
                  role="gridcell"
                  style="grid-column-start: 4;"
                  tabindex="-1"
                >
                  firstDataset
                </div>
              </div>
              <div
                aria-rowindex="4"
                class="rdg-row r1otpg647-0-0-beta-22 rdg-row-even"
                role="row"
                style="--rdg-grid-row-start: 4; --rdg-row-height: 35px;"
              >
                <div
                  aria-colindex="1"
                  aria-readonly="true"
                  aria-selected="false"
                  class="rdg-cell c1wupbe7-0-0-beta-22"
                  role="gridcell"
                  style="grid-column-start: 1;"
                  tabindex="-1"
                >
                  fourthColumn
                </div>
                <div
                  aria-colindex="2"
                  aria-readonly="true"
                  aria-selected="false"
                  class="rdg-cell c1wupbe7-0-0-beta-22"
                  role="gridcell"
                  style="grid-column-start: 2;"
                  tabindex="-1"
                >
                  source4
                </div>
                <div
                  aria-colindex="3"
                  aria-readonly="true"
                  aria-selected="false"
                  class="rdg-cell c1wupbe7-0-0-beta-22"
                  role="gridcell"
                  style="grid-column-start: 3;"
                  tabindex="-1"
                >
                  2024
                </div>
                <div
                  aria-colindex="4"
                  aria-readonly="true"
                  aria-selected="false"
                  class="rdg-cell c1wupbe7-0-0-beta-22"
                  role="gridcell"
                  style="grid-column-start: 4;"
                  tabindex="-1"
                >
                  firstDataset
                </div>
              </div>
              <div
                class="m1l09lto7-0-0-beta-22"
                data-measuring-cell-key="name"
                style="grid-column-start: 1; min-width: 80px;"
              />
              <div
                class="m1l09lto7-0-0-beta-22"
                data-measuring-cell-key="source"
                style="grid-column-start: 2; min-width: 80px;"
              />
              <div
                class="m1l09lto7-0-0-beta-22"
                data-measuring-cell-key="validity"
                style="grid-column-start: 3; min-width: 80px;"
              />
              <div
                class="m1l09lto7-0-0-beta-22"
                data-measuring-cell-key="dataset"
                style="grid-column-start: 4; min-width: 80px;"
              />
            </div>
          </div>
        </div>
      </div>
      <span
        aria-labelledby="headlessui-tabs-tab-:r2:"
        id="headlessui-tabs-panel-:r5:"
        role="tabpanel"
        style="position: fixed; top: 1px; left: 1px; width: 1px; height: 0px; padding: 0px; margin: -1px; overflow: hidden; clip: rect(0px, 0px, 0px, 0px); white-space: nowrap; border-width: 0px;"
        tabindex="-1"
      />
    </div>
  </div>
</div>
`;
