// Jest Snapshot v1, https://goo.gl/fbAQLP

exports[`PageCartoMap renders map once geojson data is fetched 1`] = `
<div
  class="w-full h-full overflow-hidden"
  data-testid="map-chart"
>
  <div
    class="ez-responsive-container"
    style="width: 100%; height: 100%;"
  >
    <div
      class="ez-viz"
      style="width: 800px; height: 600px;"
    >
      <div
        class="ez-fragment-tooltip"
      >
        <div
          class="ez-fragment-filter"
        >
          <div
            class="ez-chart"
            tabindex="0"
          >
            <svg
              class="ez-svg"
              style="width: 800px; height: 600px;"
            >
              <g
                transform="translate(50, 0)"
              >
                <g
                  class="ez-fragment-color-scale"
                >
                  <g
                    class="ez-map"
                  >
                    <path
                      class="ez-map-path"
                      d=""
                      fill="black"
                      stroke="black"
                      stroke-linecap="round"
                      stroke-linejoin="round"
                      stroke-width="1"
                    />
                    <path
                      class="ez-map-path"
                      d=""
                      fill="black"
                      stroke="black"
                      stroke-linecap="round"
                      stroke-linejoin="round"
                      stroke-width="1"
                    />
                    <path
                      class="ez-map-path"
                      d=""
                      fill="black"
                      stroke="black"
                      stroke-linecap="round"
                      stroke-linejoin="round"
                      stroke-width="1"
                    />
                    <path
                      class="ez-map-path"
                      d=""
                      fill="black"
                      stroke="black"
                      stroke-linecap="round"
                      stroke-linejoin="round"
                      stroke-width="1"
                    />
                    <path
                      class="ez-map-path"
                      d=""
                      fill="black"
                      stroke="black"
                      stroke-linecap="round"
                      stroke-linejoin="round"
                      stroke-width="1"
                    />
                    <path
                      class="ez-map-path"
                      d=""
                      fill="black"
                      stroke="black"
                      stroke-linecap="round"
                      stroke-linejoin="round"
                      stroke-width="1"
                    />
                    <path
                      class="ez-map-path"
                      d=""
                      fill="black"
                      stroke="black"
                      stroke-linecap="round"
                      stroke-linejoin="round"
                      stroke-width="1"
                    />
                    <path
                      class="ez-map-path"
                      d=""
                      fill="black"
                      stroke="black"
                      stroke-linecap="round"
                      stroke-linejoin="round"
                      stroke-width="1"
                    />
                    <path
                      class="ez-map-path"
                      d=""
                      fill="black"
                      stroke="black"
                      stroke-linecap="round"
                      stroke-linejoin="round"
                      stroke-width="1"
                    />
                    <path
                      class="ez-map-path"
                      d=""
                      fill="black"
                      stroke="black"
                      stroke-linecap="round"
                      stroke-linejoin="round"
                      stroke-width="1"
                    />
                    <path
                      class="ez-map-path"
                      d=""
                      fill="black"
                      stroke="black"
                      stroke-linecap="round"
                      stroke-linejoin="round"
                      stroke-width="1"
                    />
                    <path
                      class="ez-map-path"
                      d=""
                      fill="black"
                      stroke="black"
                      stroke-linecap="round"
                      stroke-linejoin="round"
                      stroke-width="1"
                    />
                    <path
                      class="ez-map-path"
                      d=""
                      fill="black"
                      stroke="black"
                      stroke-linecap="round"
                      stroke-linejoin="round"
                      stroke-width="1"
                    />
                    <path
                      class="ez-map-path"
                      d=""
                      fill="black"
                      stroke="black"
                      stroke-linecap="round"
                      stroke-linejoin="round"
                      stroke-width="1"
                    />
                    <path
                      class="ez-map-path"
                      d=""
                      fill="black"
                      stroke="black"
                      stroke-linecap="round"
                      stroke-linejoin="round"
                      stroke-width="1"
                    />
                    <path
                      class="ez-map-path"
                      d=""
                      fill="black"
                      stroke="black"
                      stroke-linecap="round"
                      stroke-linejoin="round"
                      stroke-width="1"
                    />
                    <path
                      class="ez-map-path"
                      d=""
                      fill="black"
                      stroke="black"
                      stroke-linecap="round"
                      stroke-linejoin="round"
                      stroke-width="1"
                    />
                    <path
                      class="ez-map-path"
                      d=""
                      fill="black"
                      stroke="black"
                      stroke-linecap="round"
                      stroke-linejoin="round"
                      stroke-width="1"
                    />
                    <path
                      class="ez-map-path"
                      d=""
                      fill="black"
                      stroke="black"
                      stroke-linecap="round"
                      stroke-linejoin="round"
                      stroke-width="1"
                    />
                    <path
                      class="ez-map-path"
                      d=""
                      fill="black"
                      stroke="black"
                      stroke-linecap="round"
                      stroke-linejoin="round"
                      stroke-width="1"
                    />
                    <path
                      class="ez-map-path"
                      d=""
                      fill="black"
                      stroke="black"
                      stroke-linecap="round"
                      stroke-linejoin="round"
                      stroke-width="1"
                    />
                    <path
                      class="ez-map-path"
                      d=""
                      fill="black"
                      stroke="black"
                      stroke-linecap="round"
                      stroke-linejoin="round"
                      stroke-width="1"
                    />
                    <path
                      class="ez-map-path"
                      d=""
                      fill="black"
                      stroke="black"
                      stroke-linecap="round"
                      stroke-linejoin="round"
                      stroke-width="1"
                    />
                    <path
                      class="ez-map-path"
                      d=""
                      fill="black"
                      stroke="black"
                      stroke-linecap="round"
                      stroke-linejoin="round"
                      stroke-width="1"
                    />
                    <path
                      class="ez-map-path"
                      d=""
                      fill="black"
                      stroke="black"
                      stroke-linecap="round"
                      stroke-linejoin="round"
                      stroke-width="1"
                    />
                    <path
                      class="ez-map-path"
                      d=""
                      fill="black"
                      stroke="black"
                      stroke-linecap="round"
                      stroke-linejoin="round"
                      stroke-width="1"
                    />
                    <path
                      class="ez-map-path"
                      d=""
                      fill="black"
                      stroke="black"
                      stroke-linecap="round"
                      stroke-linejoin="round"
                      stroke-width="1"
                    />
                    <path
                      class="ez-map-path"
                      d=""
                      fill="black"
                      stroke="black"
                      stroke-linecap="round"
                      stroke-linejoin="round"
                      stroke-width="1"
                    />
                    <path
                      class="ez-map-path"
                      d=""
                      fill="black"
                      stroke="black"
                      stroke-linecap="round"
                      stroke-linejoin="round"
                      stroke-width="1"
                    />
                    <path
                      class="ez-map-path"
                      d=""
                      fill="black"
                      stroke="black"
                      stroke-linecap="round"
                      stroke-linejoin="round"
                      stroke-width="1"
                    />
                    <path
                      class="ez-map-path"
                      d=""
                      fill="black"
                      stroke="black"
                      stroke-linecap="round"
                      stroke-linejoin="round"
                      stroke-width="1"
                    />
                    <path
                      class="ez-map-path"
                      d=""
                      fill="black"
                      stroke="black"
                      stroke-linecap="round"
                      stroke-linejoin="round"
                      stroke-width="1"
                    />
                    <path
                      class="ez-map-path"
                      d=""
                      fill="black"
                      stroke="black"
                      stroke-linecap="round"
                      stroke-linejoin="round"
                      stroke-width="1"
                    />
                    <path
                      class="ez-map-path"
                      d=""
                      fill="black"
                      stroke="black"
                      stroke-linecap="round"
                      stroke-linejoin="round"
                      stroke-width="1"
                    />
                    <path
                      class="ez-map-path"
                      d=""
                      fill="black"
                      stroke="black"
                      stroke-linecap="round"
                      stroke-linejoin="round"
                      stroke-width="1"
                    />
                    <path
                      class="ez-map-path"
                      d=""
                      fill="black"
                      stroke="black"
                      stroke-linecap="round"
                      stroke-linejoin="round"
                      stroke-width="1"
                    />
                    <path
                      class="ez-map-path"
                      d=""
                      fill="black"
                      stroke="black"
                      stroke-linecap="round"
                      stroke-linejoin="round"
                      stroke-width="1"
                    />
                    <path
                      class="ez-map-path"
                      d=""
                      fill="black"
                      stroke="black"
                      stroke-linecap="round"
                      stroke-linejoin="round"
                      stroke-width="1"
                    />
                    <path
                      class="ez-map-path"
                      d=""
                      fill="black"
                      stroke="black"
                      stroke-linecap="round"
                      stroke-linejoin="round"
                      stroke-width="1"
                    />
                  </g>
                </g>
              </g>
            </svg>
          </div>
        </div>
        <div
          class="ez-tooltip"
          style="left: 0px; top: 0px; opacity: 0;"
        />
      </div>
    </div>
  </div>
</div>
`;
