// Jest Snapshot v1, https://goo.gl/fbAQLP

exports[`CsvUploader should upload a CSV file 1`] = `
<div>
  <div
    class="self-center"
  >
    <div
      data-testid="dropzone"
    >
      <label
        class="text-sm font-medium text-gray-900 dark:text-gray-300 flex flex-col border-2 border-gray-300 border-dashed rounded-lg cursor-pointer bg-gray-50 dark:hover:bg-bray-800 dark:bg-gray-700 hover:bg-gray-100 dark:border-gray-600 dark:hover:border-gray-500 dark:hover:bg-gray-600"
        for="dropzone-file"
      >
        <div
          class="flex flex-col items-center justify-center pt-5 pb-6"
        >
          <svg
            aria-hidden="true"
            class="w-10 h-10 mb-3 text-gray-400"
            fill="none"
            stroke="currentColor"
            viewBox="0 0 24 24"
            xmlns="http://www.w3.org/2000/svg"
          >
            <path
              d="M7 16a4 4 0 01-.88-7.903A5 5 0 1115.9 6L16 6a5 5 0 011 9.9M15 13l-3-3m0 0l-3 3m3-3v12"
              stroke-linecap="round"
              stroke-linejoin="round"
              stroke-width="2"
            />
          </svg>
          <p
            class="mb-2 text-sm text-gray-500 dark:text-gray-400"
          >
            <span>
              <span
                class="font-semibold"
              >
                Cliquer pour ajouter 
              </span>
              ou glisser et déposer
            </span>
          </p>
        </div>
        <div>
          <div
            class="relative"
          >
            <input
              aria-describedby="file_upload_help"
              class="border disabled:cursor-not-allowed disabled:opacity-50 bg-gray-50 border-gray-300 text-gray-900 focus:border-blue-500 focus:ring-blue-500 dark:border-gray-600 dark:bg-gray-700 dark:text-white dark:placeholder-gray-400 dark:focus:border-blue-500 dark:focus:ring-blue-500 rounded-lg p-2.5 text-sm hidden"
              data-testid="hidden-file-input"
              id="dropzone-file"
              type="file"
            />
          </div>
        </div>
      </label>
    </div>
  </div>
</div>
`;

exports[`csvUploader renders error message 1`] = `
<div>
  <div
    class="self-center"
  >
    <div
      data-testid="dropzone"
    >
      <label
        class="text-sm font-medium text-gray-900 dark:text-gray-300 flex flex-col border-2 border-gray-300 border-dashed rounded-lg cursor-pointer bg-gray-50 dark:hover:bg-bray-800 dark:bg-gray-700 hover:bg-gray-100 dark:border-gray-600 dark:hover:border-gray-500 dark:hover:bg-gray-600"
        for="dropzone-file"
      >
        <div
          class="flex flex-col items-center justify-center pt-5 pb-6"
        >
          <svg
            aria-hidden="true"
            class="w-10 h-10 mb-3 text-gray-400"
            fill="none"
            stroke="currentColor"
            viewBox="0 0 24 24"
            xmlns="http://www.w3.org/2000/svg"
          >
            <path
              d="M7 16a4 4 0 01-.88-7.903A5 5 0 1115.9 6L16 6a5 5 0 011 9.9M15 13l-3-3m0 0l-3 3m3-3v12"
              stroke-linecap="round"
              stroke-linejoin="round"
              stroke-width="2"
            />
          </svg>
          <p
            class="mb-2 text-sm text-gray-500 dark:text-gray-400"
          >
            <span>
              <span
                class="font-semibold"
              >
                Cliquer pour ajouter 
              </span>
              ou glisser et déposer
            </span>
          </p>
        </div>
        <div>
          <div
            class="relative"
          >
            <input
              aria-describedby="file_upload_help"
              class="border disabled:cursor-not-allowed disabled:opacity-50 bg-gray-50 border-gray-300 text-gray-900 focus:border-blue-500 focus:ring-blue-500 dark:border-gray-600 dark:bg-gray-700 dark:text-white dark:placeholder-gray-400 dark:focus:border-blue-500 dark:focus:ring-blue-500 rounded-lg p-2.5 text-sm hidden"
              data-testid="hidden-file-input"
              id="dropzone-file"
              type="file"
            />
          </div>
        </div>
      </label>
    </div>
  </div>
</div>
`;
