// Jest Snapshot v1, https://goo.gl/fbAQLP

exports[`PageCartoDataForm renders the correct text elements 1`] = `
<div>
  <div
    class="p-4 bg-slate-100 border border-slate-300 rounded shadow-xl"
  >
    <form>
      <div
        class="flex flex-row"
      >
        <div
          class="flex flex-col w-1/2 p-2"
        >
          <div
            class="mt-3"
          >
            <label
              class="text-sm font-medium text-gray-900 dark:text-gray-300"
              for="name"
            >
              1. Uploader des données à partir d'un fichier CSV
            </label>
            <div
              class="self-center"
            >
              <div
                data-testid="dropzone"
              >
                <label
                  class="text-sm font-medium text-gray-900 dark:text-gray-300 flex flex-col border-2 border-gray-300 border-dashed rounded-lg cursor-pointer bg-gray-50 dark:hover:bg-bray-800 dark:bg-gray-700 hover:bg-gray-100 dark:border-gray-600 dark:hover:border-gray-500 dark:hover:bg-gray-600"
                  for="dropzone-file"
                >
                  <div
                    class="flex flex-col items-center justify-center pt-5 pb-6"
                  >
                    <svg
                      aria-hidden="true"
                      class="w-10 h-10 mb-3 text-gray-400"
                      fill="none"
                      stroke="currentColor"
                      viewBox="0 0 24 24"
                      xmlns="http://www.w3.org/2000/svg"
                    >
                      <path
                        d="M7 16a4 4 0 01-.88-7.903A5 5 0 1115.9 6L16 6a5 5 0 011 9.9M15 13l-3-3m0 0l-3 3m3-3v12"
                        stroke-linecap="round"
                        stroke-linejoin="round"
                        stroke-width="2"
                      />
                    </svg>
                    <p
                      class="mb-2 text-sm text-gray-500 dark:text-gray-400"
                    >
                      <span>
                        <span
                          class="font-semibold"
                        >
                          Cliquer pour ajouter 
                        </span>
                        ou glisser et déposer
                      </span>
                    </p>
                  </div>
                  <div>
                    <div
                      class="relative"
                    >
                      <input
                        aria-describedby="file_upload_help"
                        class="border disabled:cursor-not-allowed disabled:opacity-50 bg-gray-50 border-gray-300 text-gray-900 focus:border-blue-500 focus:ring-blue-500 dark:border-gray-600 dark:bg-gray-700 dark:text-white dark:placeholder-gray-400 dark:focus:border-blue-500 dark:focus:ring-blue-500 rounded-lg p-2.5 text-sm hidden"
                        data-testid="hidden-file-input"
                        id="dropzone-file"
                        type="file"
                      />
                    </div>
                  </div>
                </label>
              </div>
            </div>
          </div>
          <div
            class="mt-3"
          >
            <label
              class="text-sm font-medium text-gray-900 dark:text-gray-300"
            >
              2. Sélectionnez les colonnes à utiliser :
            </label>
            <div
              class="border-slate-300"
            >
              <div>
                <div
                  class="relative"
                >
                  <div
                    class="pointer-events-none absolute inset-y-0 left-0 flex items-center pl-3"
                  >
                    <svg
                      aria-hidden="true"
                      class="h-5 w-5 text-gray-500 dark:text-gray-400"
                      fill="currentColor"
                      viewBox="0 0 24 24"
                      xmlns="http://www.w3.org/2000/svg"
                    >
                      <path
                        clip-rule="evenodd"
                        d="M10.5 3.75a6.75 6.75 0 100 13.5 6.75 6.75 0 000-13.5zM2.25 10.5a8.25 8.25 0 1114.59 5.28l4.69 4.69a.75.75 0 11-1.06 1.06l-4.69-4.69A8.25 8.25 0 012.25 10.5z"
                        fill-rule="evenodd"
                      />
                    </svg>
                  </div>
                  <input
                    autocomplete="false"
                    class="border disabled:cursor-not-allowed disabled:opacity-50 bg-gray-50 border-gray-300 text-gray-900 focus:border-blue-500 focus:ring-blue-500 dark:border-gray-600 dark:bg-gray-700 dark:text-white dark:placeholder-gray-400 dark:focus:border-blue-500 dark:focus:ring-blue-500 pl-10 rounded-lg p-2.5 text-sm w-full mb-2"
                    id="keywords"
                    value=""
                  />
                </div>
              </div>
              <div
                aria-colcount="5"
                aria-multiselectable="true"
                aria-rowcount="1"
                class="rdg r104f42s7-0-0-beta-22 fill-grid"
                dir="ltr"
                role="grid"
                style="grid-template-rows: 35px; --rdg-header-row-height: 35px; --rdg-summary-row-height: 35px; --rdg-sign: 1; grid-template-columns: 35px 80px auto 80px 80px; --rdg-frozen-left-0: 0px; --rdg-frozen-left-1: 35px;"
              >
                <div
                  aria-rowindex="1"
                  class="rdg-header-row h197vzie7-0-0-beta-22"
                  role="row"
                  style="--rdg-grid-row-start: 1;"
                >
                  <div
                    aria-colindex="1"
                    aria-selected="false"
                    class="rdg-cell c1wupbe7-0-0-beta-22 rdg-cell-frozen cd0kgiy7-0-0-beta-22"
                    role="columnheader"
                    style="grid-column-start: 1; inset-inline-start: var(--rdg-frozen-left-0);"
                    tabindex="0"
                  >
                    <label
                      class="rdg-checkbox-label c8rwwhf7-0-0-beta-22"
                    >
                      <input
                        aria-label="Select All"
                        class="rdg-checkbox-input c1rb4brs7-0-0-beta-22"
                        tabindex="-1"
                        type="checkbox"
                      />
                      <div
                        class="rdg-checkbox c1bvvwcc7-0-0-beta-22"
                      />
                    </label>
                  </div>
                  <div
                    aria-colindex="2"
                    aria-selected="false"
                    class="rdg-cell c1wupbe7-0-0-beta-22 rdg-cell-resizable celq7o97-0-0-beta-22 rdg-cell-frozen cd0kgiy7-0-0-beta-22 rdg-cell-frozen-last c1730fa47-0-0-beta-22"
                    role="columnheader"
                    style="grid-column-start: 2; inset-inline-start: var(--rdg-frozen-left-1);"
                    tabindex="-1"
                  >
                    GéoCode
                  </div>
                  <div
                    aria-colindex="3"
                    aria-selected="false"
                    class="rdg-cell c1wupbe7-0-0-beta-22 rdg-cell-resizable celq7o97-0-0-beta-22"
                    role="columnheader"
                    style="grid-column-start: 3;"
                    tabindex="-1"
                  >
                    Colonne
                  </div>
                </div>
                <div
                  class="m1l09lto7-0-0-beta-22"
                  data-measuring-cell-key="select-row"
                  style="grid-column-start: 1; min-width: 35px; max-width: 35px;"
                />
                <div
                  class="m1l09lto7-0-0-beta-22"
                  data-measuring-cell-key="isGeoCode"
                  style="grid-column-start: 2; min-width: 80px; max-width: 80px;"
                />
                <div
                  class="m1l09lto7-0-0-beta-22"
                  data-measuring-cell-key="name"
                  style="grid-column-start: 3; min-width: 80px;"
                />
              </div>
            </div>
          </div>
        </div>
        <div
          class="flex flex-col w-1/2 p-2"
        >
          <div
            class="mt-3"
          >
            <label
              class="text-sm font-medium text-gray-900 dark:text-gray-300"
              for="name"
            >
              Nom du jeu de données
            </label>
            <div>
              <div
                class="relative"
              >
                <input
                  class="border disabled:cursor-not-allowed disabled:opacity-50 bg-gray-50 border-gray-300 text-gray-900 focus:border-blue-500 focus:ring-blue-500 dark:border-gray-600 dark:bg-gray-700 dark:text-white dark:placeholder-gray-400 dark:focus:border-blue-500 dark:focus:ring-blue-500 rounded-lg p-2.5 text-sm w-full"
                  id="fragmentName"
                  name="fragmentName"
                />
              </div>
            </div>
          </div>
          <div
            class="mt-3"
          >
            <label
              class="text-sm font-medium text-gray-900 dark:text-gray-300"
              for="origin"
            >
              Origine du fichier
            </label>
            <div>
              <div
                class="relative"
              >
                <input
                  class="border disabled:cursor-not-allowed disabled:opacity-50 bg-gray-50 border-gray-300 text-gray-900 focus:border-blue-500 focus:ring-blue-500 dark:border-gray-600 dark:bg-gray-700 dark:text-white dark:placeholder-gray-400 dark:focus:border-blue-500 dark:focus:ring-blue-500 rounded-lg p-2.5 text-sm w-full"
                  id="origin"
                  name="origin"
                />
              </div>
            </div>
          </div>
          <div
            class="mt-3"
          >
            <div
              class="flex items-center"
            >
              <button
                aria-checked="false"
                aria-labelledby="headlessui-label-:r1:"
                class="bg-gray-200 relative inline-flex h-6 w-11 items-center rounded-full transition-colors focus:outline-none focus:ring-2 focus:ring-indigo-500 focus:ring-offset-2"
                data-headlessui-state=""
                data-testid="toggle-switch"
                id="headlessui-switch-:r0:"
                role="switch"
                tabindex="0"
                type="button"
              >
                <span
                  class="translate-x-1 inline-block h-4 w-4 transform rounded-full bg-white transition-transform"
                />
              </button>
              <label
                class="ml-4 cursor-pointer"
                id="headlessui-label-:r1:"
              >
                Accès Public
              </label>
            </div>
            <div
              class="p-3 my-3 rounded border border-orange-500 bg-orange-200 text-orange-700 p-2 text-xs"
              role="alert"
            >
              <div
                class="flex flex-row"
              >
                <svg
                  aria-hidden="true"
                  class="mr-2"
                  fill="currentColor"
                  height="24"
                  stroke="current"
                  viewBox="0 0 24 24"
                  width="24"
                  xmlns="http://www.w3.org/2000/svg"
                >
                  <path
                    clip-rule="evenodd"
                    d="M9.401 3.003c1.155-2 4.043-2 5.197 0l7.355 12.748c1.154 2-.29 4.5-2.599 4.5H4.645c-2.309 0-3.752-2.5-2.598-4.5L9.4 3.003zM12 8.25a.75.75 0 01.75.75v3.75a.75.75 0 01-1.5 0V9a.75.75 0 01.75-.75zm0 8.25a.75.75 0 100-1.5.75.75 0 000 1.5z"
                    fill-rule="evenodd"
                  />
                </svg>
                <div>
                  Attention: Risque de non conformité 
                  <br />
                  <small>
                    (Origine du fichier, source et validité des colonnes)
                  </small>
                </div>
              </div>
            </div>
          </div>
          <div
            class="flex justify-end mt-3"
          >
            <button
              class="group inline-flex h-min w-fit items-center justify-center p-0.5 text-center font-medium focus:z-10 rounded-lg text-white bg-blue-700 border border-transparent hover:bg-blue-800 focus:ring-4 focus:ring-blue-300 disabled:hover:bg-blue-700 dark:bg-blue-600 dark:hover:bg-blue-700 dark:focus:ring-blue-800 dark:disabled:hover:bg-blue-600 cursor-not-allowed opacity-50"
              data-testid="button-element"
              disabled=""
              type="submit"
            >
              <span
                class="flex items-center text-base px-5 py-2.5 rounded-md"
              >
                Valider
              </span>
            </button>
          </div>
        </div>
      </div>
    </form>
  </div>
</div>
`;
