// Jest Snapshot v1, https://goo.gl/fbAQLP

exports[`GeoMapList renders list of GeoListItem components and snapshot 1`] = `
<div>
  <div
    class="flex-column"
  >
    <div
      class="flex bg-blue-600 rounded-t-lg p-2"
      data-testid="map-choice"
    >
      <div
        class="rounded-t-lg p-4 text-sm font-medium leading-5 text-blue-700 cursor-pointer ring-blue ring-opacity-60 ring-offset-1 ring-offset-blue-400 focus:outline-none focus:ring-1 bg-white shadow"
      >
        Mes cartes
      </div>
      <div
        class="rounded-t-lg p-4 text-sm font-medium leading-5 text-blue-700 cursor-pointer ring-blue ring-opacity-60 ring-offset-1 ring-offset-blue-400 focus:outline-none focus:ring-1 text-blue-100 hover:bg-white/[0.12] hover:text-white"
      >
        Toutes les cartes
      </div>
    </div>
    <div
      class="rounded-b-lg border border-blue-700 p-5"
    >
      <div
        class="grid grid-cols-3 gap-y-10 gap-x-6"
      >
        <div
          class="flex-col flex rounded-lg border border-gray-200 bg-white shadow-md dark:border-gray-700 dark:bg-gray-800 hover:bg-gray-100 dark:hover:bg-gray-700"
          data-testid="flowbite-card"
          id="mapId"
          role="card"
        >
          <div
            class="flex h-full flex-col justify-center gap-4"
          >
            <div
              class="group pb-2 cursor-pointer"
            >
              <div
                class="bg-slate-300"
              >
                <img
                  class="w-full object-contain object-center hover:opacity-75"
                  src="http://localhost:1337/api/geo-maps/thumbnail/1"
                />
              </div>
              <div
                class="p-3"
              >
                <h2>
                  Test Map 1
                </h2>
                <div
                  class="text-gray-500"
                >
                  <div
                    class="text-sm my-1"
                  >
                    <div
                      class="my-1 font-bold"
                    >
                      Source : 
                      Test Source
                    </div>
                    <div
                      class="text-xs mt-2"
                    >
                      License : 
                      Test License
                    </div>
                    <div
                      class="text-xs mt-2"
                    >
                      Annee de validitée : 
                      2022
                    </div>
                  </div>
                </div>
              </div>
            </div>
          </div>
        </div>
        <div
          class="flex-col flex rounded-lg border border-gray-200 bg-white shadow-md dark:border-gray-700 dark:bg-gray-800 hover:bg-gray-100 dark:hover:bg-gray-700"
          data-testid="flowbite-card"
          id="mapId"
          role="card"
        >
          <div
            class="flex h-full flex-col justify-center gap-4"
          >
            <div
              class="group pb-2 cursor-pointer"
            >
              <div
                class="bg-slate-300"
              >
                <img
                  class="w-full object-contain object-center hover:opacity-75"
                  src="http://localhost:1337/api/geo-maps/thumbnail/1"
                />
              </div>
              <div
                class="p-3"
              >
                <h2>
                  Test Map 2
                </h2>
                <div
                  class="text-gray-500"
                >
                  <div
                    class="text-sm my-1"
                  >
                    <div
                      class="my-1 font-bold"
                    >
                      Source : 
                      Test Source
                    </div>
                    <div
                      class="text-xs mt-2"
                    >
                      License : 
                      Test License
                    </div>
                    <div
                      class="text-xs mt-2"
                    >
                      Annee de validitée : 
                      2022
                    </div>
                  </div>
                </div>
              </div>
            </div>
          </div>
        </div>
        <div
          class="flex-col flex rounded-lg border border-gray-200 bg-white shadow-md dark:border-gray-700 dark:bg-gray-800 hover:bg-gray-100 dark:hover:bg-gray-700"
          data-testid="flowbite-card"
          id="mapId"
          role="card"
        >
          <div
            class="flex h-full flex-col justify-center gap-4"
          >
            <div
              class="group pb-2 cursor-pointer"
            >
              <div
                class="bg-slate-300"
              >
                <img
                  class="w-full object-contain object-center hover:opacity-75"
                  src="http://localhost:1337/api/geo-maps/thumbnail/1"
                />
              </div>
              <div
                class="p-3"
              >
                <h2>
                  Test Map 3
                </h2>
                <div
                  class="text-gray-500"
                >
                  <div
                    class="text-sm my-1"
                  >
                    <div
                      class="my-1 font-bold"
                    >
                      Source : 
                      Test Source
                    </div>
                    <div
                      class="text-xs mt-2"
                    >
                      License : 
                      Test License
                    </div>
                    <div
                      class="text-xs mt-2"
                    >
                      Annee de validitée : 
                      2022
                    </div>
                  </div>
                </div>
              </div>
            </div>
          </div>
        </div>
      </div>
      <div
        class="flex flex-row mt-5 justify-center"
      >
        <div
          class="flex flex-row mt-5"
          data-testid="pagination"
        >
          <button
            class="group inline-flex h-min w-fit items-center justify-center p-0.5 text-center font-medium focus:z-10 rounded-lg text-white bg-blue-700 border border-transparent hover:bg-blue-800 focus:ring-4 focus:ring-blue-300 disabled:hover:bg-blue-700 dark:bg-blue-600 dark:hover:bg-blue-700 dark:focus:ring-blue-800 dark:disabled:hover:bg-blue-600 cursor-not-allowed opacity-50 bg-gray-200"
            data-testid="button-element"
            disabled=""
            type="button"
          >
            <span
              class="flex items-center text-sm px-4 py-2 rounded-md"
            >
              1
            </span>
          </button>
        </div>
      </div>
    </div>
  </div>
</div>
`;
