// Jest Snapshot v1, https://goo.gl/fbAQLP

exports[`PageCartoUserList renders "Aucun contenu à afficher" message when there is no data 1`] = `
<div>
  <div>
    <div
      class="p-3 my-3 rounded border border-blue-500 bg-blue-200 text-blue-700 bg-transparent border-transparent w-fit grid justify-center items-center"
      role="alert"
    >
      <div
        class="flex flex-row"
      >
        <div>
          <div
            data-testid="error-message"
          >
            Aucun contenu à afficher.
          </div>
        </div>
      </div>
    </div>
  </div>
</div>
`;

exports[`PageCartoUserList renders error message when there is an error 1`] = `
<div>
  <div
    class="p-3 my-3 rounded border border-red-500 bg-red-200 text-red-700"
    role="alert"
  >
    <div
      class="flex flex-row"
    >
      <svg
        aria-hidden="true"
        class="mr-2"
        fill="currentColor"
        height="24"
        stroke="current"
        viewBox="0 0 24 24"
        width="24"
        xmlns="http://www.w3.org/2000/svg"
      >
        <path
          clip-rule="evenodd"
          d="M5.47 5.47a.75.75 0 011.06 0L12 10.94l5.47-5.47a.75.75 0 111.06 1.06L13.06 12l5.47 5.47a.75.75 0 11-1.06 1.06L12 13.06l-5.47 5.47a.75.75 0 01-1.06-1.06L10.94 12 5.47 6.53a.75.75 0 010-1.06z"
          fill-rule="evenodd"
        />
      </svg>
      <div>
        An error occurred
      </div>
    </div>
  </div>
</div>
`;

exports[`PageCartoUserList renders loading message when loading 1`] = `
<div>
  <div
    class="flex grow justify-center items-center"
    data-testid="loading-message"
  >
    <div
      class="flex flex-col"
    >
      <svg
        class="m-auto"
        fill="#88CDD3"
        viewBox="0 0 40 40"
        width="200"
      >
        <path
          d="M20.201,5.169c-8.254,0-14.946,6.692-14.946,14.946c0,8.255,6.692,14.946,14.946,14.946 s14.946-6.691,14.946-14.946C35.146,11.861,28.455,5.169,20.201,5.169z M20.201,31.749c-6.425,0-11.634-5.208-11.634-11.634 c0-6.425,5.209-11.634,11.634-11.634c6.425,0,11.633,5.209,11.633,11.634C31.834,26.541,26.626,31.749,20.201,31.749z"
          opacity="0.5"
        />
        <path
          d="M26.013,10.047l1.654-2.866c-2.198-1.272-4.743-2.012-7.466-2.012h0v3.312h0 C22.32,8.481,24.301,9.057,26.013,10.047z"
        >
          <animatetransform
            attributeName="transform"
            attributeType="xml"
            dur="0.8s"
            from="0 20 20"
            repeatCount="indefinite"
            to="360 20 20"
            type="rotate"
          />
        </path>
      </svg>
      <h1
        class="text-center text-xl font-semibold"
      >
        Loading ...
      </h1>
    </div>
  </div>
</div>
`;

exports[`PageCartoUserList renders message when there is no data 1`] = `
<div>
  <div>
    <div
      class="p-3 my-3 rounded border border-blue-500 bg-blue-200 text-blue-700 bg-transparent border-transparent w-fit grid justify-center items-center"
      role="alert"
    >
      <div
        class="flex flex-row"
      >
        <div>
          <div
            data-testid="error-message"
          >
            Aucun contenu à afficher.
          </div>
        </div>
      </div>
    </div>
  </div>
</div>
`;

exports[`PageCartoUserList renders pages when there is data 1`] = `
<div>
  <div>
    <div
      class="grid grid-cols-3 gap-y-10 gap-x-6"
    >
      <div
        class="max-w-sm rounded overflow-hidden shadow-lg"
      >
        <a
          href="/page-carto/1"
        >
          <div
            class="aspect-w-1 aspect-h-1 w-full overflow-hidden bg-gray-400 xl:aspect-w-7 xl:aspect-h-8"
          >
            <img
              class="h-48 w-full object-cover object-center group-hover:opacity-75"
              src="http://localhost:1337/api/v1/geo-maps/id/thumbnailImage?720"
            />
          </div>
          <div
            class="p-3"
          >
            <h2>
              Test pageCarto 1
            </h2>
            <div
              class="text-gray-500"
            >
              <div
                class="text-sm my-1"
              >
                <div
                  class="my-1 font-bold"
                >
                  Carte : 
                  Test Map
                </div>
                <p>
                  Test HTML
                </p>
                <div
                  class="text-xs mt-2"
                >
                  Créer par : 
                  testuser
                </div>
              </div>
              <div
                class="mt-3"
              >
                <a
                  href="#"
                >
                  <span
                    class="bg-gray-200 text-gray-700 rounded-full px-3 py-1 text-sm font-semibold mr-2 mb-2 inline-block"
                  >
                    <span>
                      tag1
                    </span>
                  </span>
                </a>
                <a
                  href="#"
                >
                  <span
                    class="bg-gray-200 text-gray-700 rounded-full px-3 py-1 text-sm font-semibold mr-2 mb-2 inline-block"
                  >
                    <span>
                      tag2
                    </span>
                  </span>
                </a>
              </div>
            </div>
          </div>
        </a>
      </div>
      <div
        class="max-w-sm rounded overflow-hidden shadow-lg"
      >
        <a
          href="/page-carto/2"
        >
          <div
            class="aspect-w-1 aspect-h-1 w-full overflow-hidden bg-gray-400 xl:aspect-w-7 xl:aspect-h-8"
          >
            <img
              class="h-48 w-full object-cover object-center group-hover:opacity-75"
              src="http://localhost:1337/api/v1/geo-maps/id/thumbnailImage?720"
            />
          </div>
          <div
            class="p-3"
          >
            <h2>
              Test pageCarto 2
            </h2>
            <div
              class="text-gray-500"
            >
              <div
                class="text-sm my-1"
              >
                <div
                  class="my-1 font-bold"
                >
                  Carte : 
                  Test Map
                </div>
                <p>
                  Test HTML
                </p>
                <div
                  class="text-xs mt-2"
                >
                  Créer par : 
                  testuser
                </div>
              </div>
              <div
                class="mt-3"
              >
                <a
                  href="#"
                >
                  <span
                    class="bg-gray-200 text-gray-700 rounded-full px-3 py-1 text-sm font-semibold mr-2 mb-2 inline-block"
                  >
                    <span>
                      tag1
                    </span>
                  </span>
                </a>
                <a
                  href="#"
                >
                  <span
                    class="bg-gray-200 text-gray-700 rounded-full px-3 py-1 text-sm font-semibold mr-2 mb-2 inline-block"
                  >
                    <span>
                      tag2
                    </span>
                  </span>
                </a>
              </div>
            </div>
          </div>
        </a>
      </div>
    </div>
    <div
      class="flex flex-row mt-5 justify-center"
    >
      <div
        class="flex flex-row mt-5"
        data-testid="pagination"
      >
        <button
          class="group inline-flex h-min w-fit items-center justify-center p-0.5 text-center font-medium focus:z-10 rounded-lg text-white bg-blue-700 border border-transparent hover:bg-blue-800 focus:ring-4 focus:ring-blue-300 disabled:hover:bg-blue-700 dark:bg-blue-600 dark:hover:bg-blue-700 dark:focus:ring-blue-800 dark:disabled:hover:bg-blue-600 mr-3"
          data-testid="button-element"
          type="button"
        >
          <span
            class="flex items-center text-sm px-4 py-2 rounded-md"
          >
            &lt; Précédent
          </span>
        </button>
        <button
          class="group inline-flex h-min w-fit items-center justify-center p-0.5 text-center font-medium focus:z-10 rounded-lg text-white bg-blue-700 border border-transparent hover:bg-blue-800 focus:ring-4 focus:ring-blue-300 disabled:hover:bg-blue-700 dark:bg-blue-600 dark:hover:bg-blue-700 dark:focus:ring-blue-800 dark:disabled:hover:bg-blue-600 mx-2"
          data-testid="button-element"
          type="button"
        >
          <span
            class="flex items-center text-sm px-4 py-2 rounded-md"
          >
            1
          </span>
        </button>
        <button
          class="group inline-flex h-min w-fit items-center justify-center p-0.5 text-center font-medium focus:z-10 rounded-lg text-white bg-blue-700 border border-transparent hover:bg-blue-800 focus:ring-4 focus:ring-blue-300 disabled:hover:bg-blue-700 dark:bg-blue-600 dark:hover:bg-blue-700 dark:focus:ring-blue-800 dark:disabled:hover:bg-blue-600 cursor-not-allowed opacity-50 bg-gray-200"
          data-testid="button-element"
          disabled=""
          type="button"
        >
          <span
            class="flex items-center text-sm px-4 py-2 rounded-md"
          >
            2
          </span>
        </button>
      </div>
    </div>
  </div>
</div>
`;
